// Jest Snapshot v1, https://goo.gl/fbAQLP

exports[`Subtitle it renders 1`] = `
<Component>
  <Subtitle
    text="Test subtitle"
  />
</Component>
`;
