// Jest Snapshot v1, https://goo.gl/fbAQLP

exports[`UtilityBarAction it renders 1`] = `
<Component>
  <UtilityBarAction>
    Test action
  </UtilityBarAction>
</Component>
`;
