// Jest Snapshot v1, https://goo.gl/fbAQLP

exports[`LinkBack it renders 1`] = `
<Component>
  <LinkBack
    href="#"
    text="Test link"
  />
</Component>
`;
